// Jest Snapshot v1, https://goo.gl/fbAQLP

exports[`renders correctly 1`] = `
Array [
  <ul
    class="sc-htpNat lgZBte"
  >
    <li
      class="sc-bxivhb fnFCAt"
    >
      Rocket: Falcon9
    </li>
    <li
      class="sc-bxivhb fnFCAt"
    >
      First Flight: 2018-02-06
    </li>
    <li
      class="sc-bxivhb fnFCAt"
    >
      Cost Per Launch: $ 9000000
    </li>
  </ul>,
  <div
    class="sc-ifAKCX iwhyBn"
  >
    it launched
    <button
      class="sc-EHOje dCMLGJ"
    >
      <a
        alt="wikipedia link"
        class="sc-bZQynM iubAeK"
        href="its a spacex rocket"
        target="_blank"
      >
        MORE INFO
      </a>
    </button>
  </div>,
]
`;
